<?xml version="1.0" encoding="utf-8"?><testsuites><testsuite name="pytest" errors="0" failures="0" skipped="0" tests="3" time="77.163" timestamp="2025-01-09T21:05:25.828577+05:30" hostname="Achyutha"><testcase classname="testFiles.test_SeleniumTestAlerts" name="test_Alert_Box" time="30.247" /><testcase classname="testFiles.test_SeleniumTestDragDrop" name="test_Drag_Drop" time="33.406" /><testcase classname="testFiles.test_SeleniumTests" name="test_register_user" time="13.154" /></testsuite></testsuites>